// Jest Snapshot v1, https://goo.gl/fbAQLP

exports[`CursorCoords Component renders known lat/lon 1`] = `
<span
  className="coords"
  id="location"
>
  LAT: 
  10
  , LON: 
  10
</span>
`;

exports[`CursorCoords Component renders without crashing 1`] = `
<span
  className="coords"
  id="location"
>
  LAT: 
  0
  , LON: 
  0
</span>
`;
